// Jest Snapshot v1, https://goo.gl/fbAQLP

exports[`mixing props 1`] = `"<div class=\\"container multiline centered vcentered gapless\\"></div>"`;

exports[`should render columns centered 1`] = `"<div class=\\"container centered\\"></div>"`;

exports[`should render columns vertically centered 1`] = `"<div class=\\"container vcentered\\"></div>"`;

exports[`should render grid wrapper 1`] = `"<div class=\\"container\\"></div>"`;

exports[`should wrap columns 1`] = `"<div class=\\"container multiline\\"></div>"`;
